=== run_camera_app 开始 ===
变量初始化完成
开始加载车辆数据...
车辆数据加载完成
进入主循环...
=== run_camera_app 开始 ===
变量初始化完成
开始加载车辆数据...
车辆数据加载完成
进入主循环...
=== run_camera_app 开始 ===
变量初始化完成
开始加载车辆数据...
车辆数据加载完成
进入主循环...
=== run_camera_app 开始 ===
变量初始化完成
开始加载车辆数据...
车辆数据加载完成
进入主循环...
=== run_camera_app 开始 ===
变量初始化完成
开始加载车辆数据...
车辆数据加载完成
进入主循环...
=== run_camera_app 开始 ===
变量初始化完成
开始加载车辆数据...
车辆数据加载完成
进入主循环...
=== run_camera_app 开始 ===
变量初始化完成
开始加载车辆数据...
车辆数据加载完成
进入主循环...
=== run_camera_app 开始 ===
变量初始化完成
开始加载车辆数据...
车辆数据加载完成
进入主循环...
=== run_camera_app 开始 ===
变量初始化完成
开始加载车辆数据...
车辆数据加载完成
进入主循环...
